First Digit[0] = 1
First Digit[1] = 3
First Digit[2] = 1
First Digit[3] = 7
