0 : [[rn, 1], [cm, 2]] 
1 : [] 
3 : [[ot, 7], [ab, 5], [pc, 6]] 
