First Number Word[0] = two
First Number Word[1] = eight
First Number Word[2] = one
First Number Word[3] = two
First Number Word[4] = one
