Last Digit[0] = 2
Last Digit[1] = 8
Last Digit[2] = 5
Last Digit[3] = 7
