Character Counts[0] = 2
Character Counts[1] = 1
Character Counts[2] = 1
Character Counts[3] = 1
